com\distribuidora\dashboard\DashboardSummaryControllerTest.class
com\distribuidora\demo\DemoDataSeederTest.class
com\distribuidora\demo\DemoDataSeederPostgresTest.class
com\distribuidora\settings\BusinessSettingsServiceTest.class
com\distribuidora\document\DocumentControllerTest$TestSecurityConfiguration.class
com\distribuidora\notification\WebhookNotificationSenderTest.class
com\distribuidora\dashboard\ReadQueryServiceTest.class
com\distribuidora\identity\RoleAdminControllerTest.class
com\distribuidora\identity\SalePaymentPermissionMigrationContractTest.class
com\distribuidora\dashboard\SellerReadQueryTest.class
com\distribuidora\document\SaleDocumentServiceTest.class
com\distribuidora\document\DocumentReadOnlyRegressionTest.class
com\distribuidora\sale\SaleReturnServiceTest.class
com\distribuidora\dashboard\CustomersFiltersTest.class
com\distribuidora\db\migration\BrandsAndCategoriesMigrationContractTest.class
com\distribuidora\pricing\CommercialDiscountRuleCommandServiceTest.class
com\distribuidora\pricing\CommercialDiscountRuleCommandControllerTest.class
com\distribuidora\dashboard\DashboardSummaryTest.class
com\distribuidora\dashboard\DashboardAnalyticsAuthorizationTest.class
com\distribuidora\shared\web\RequestIdFilterTest.class
com\distribuidora\db\migration\PricingMigrationContractTest.class
com\distribuidora\order\OrderConfirmationControllerTest.class
com\distribuidora\integration\PostgresBackendFixesIntegrationTest.class
com\distribuidora\document\OpenPdfA4RendererTest$1.class
com\distribuidora\dashboard\SalesFiltersTest.class
com\distribuidora\catalog\ProductCommandControllerTest.class
com\distribuidora\shared\error\ApiExceptionHandlerTest.class
com\distribuidora\order\OrderConfirmationMigrationContractTest.class
com\distribuidora\dashboard\OrdersDateFilterControllerTest.class
com\distribuidora\identity\RoleAdminServiceTest.class
com\distribuidora\integration\PostgresBackendFixesIntegrationTest$SaleFixture.class
com\distribuidora\pricing\PricingCommandServiceTest.class
com\distribuidora\identity\AuthorizationMigrationContractTest.class
com\distribuidora\identity\RefreshTokenRepositoryLockContractTest.class
com\distribuidora\shared\security\CurrentUserAccessTest.class
com\distribuidora\catalog\CategoryControllerTest.class
com\distribuidora\dashboard\OrdersDateFilterTest.class
com\distribuidora\customer\CustomerCommandServiceTest.class
com\distribuidora\dashboard\CustomerReadServiceTest.class
com\distribuidora\notification\NotificationMigrationContractTest.class
com\distribuidora\catalog\ProductCommandServiceTest.class
com\distribuidora\db\migration\UserActivationTokenMigrationContractTest.class
com\distribuidora\integration\PostgresBackendFixesIntegrationTest$AccountDebtSale.class
com\distribuidora\sale\SaleReturnControllerTest.class
com\distribuidora\db\migration\OptionalCustomerTaxIdMigrationContractTest.class
com\distribuidora\catalog\BrandServiceTest.class
com\distribuidora\document\OpenPdfTicketRendererTest.class
com\distribuidora\customer\AccountPaymentControllerTest.class
com\distribuidora\order\DeliveryLifecycleServiceTest.class
com\distribuidora\pricing\PricingQueryServiceTest.class
com\distribuidora\identity\security\JwtServiceTest.class
com\distribuidora\identity\UserAdminServiceTest.class
com\distribuidora\dashboard\DashboardAnalyticsAuthorizationTest$Config.class
com\distribuidora\dashboard\ProductFiltersTest.class
com\distribuidora\settings\BusinessSettingsControllerTest.class
com\distribuidora\security\SecurityChainAuthorizationTest.class
com\distribuidora\identity\AuthServiceTest.class
com\distribuidora\identity\AuthControllerTest.class
com\distribuidora\db\migration\RefreshTokenMigrationContractTest.class
com\distribuidora\dashboard\DashboardSummaryControllerTest$MethodSecurity.class
com\distribuidora\identity\UserAdminControllerTest.class
com\distribuidora\notification\OutboxWorkerTest.class
com\distribuidora\dashboard\PreviousCustomerOrderTest.class
com\distribuidora\pricing\PricingBatchPostgresTest.class
com\distribuidora\dashboard\DashboardSellerOrdersTest.class
com\distribuidora\catalog\BrandControllerTest.class
com\distribuidora\document\OpenPdfA4RendererTest$1$1.class
com\distribuidora\identity\security\JwtAuthenticationFilterTest.class
com\distribuidora\pricing\PricingCommandControllerTest.class
com\distribuidora\inventory\InventoryMovementServiceTest.class
com\distribuidora\inventory\SingleInventoryMigrationIntegrationTest.class
com\distribuidora\shared\web\PageResponseTest.class
com\distribuidora\catalog\api\CatalogExceptionHandlerTest.class
com\distribuidora\dashboard\SalesFiltersControllerTest.class
com\distribuidora\integration\PostgresBackendFixesIntegrationTest$EditableSaleFixture.class
com\distribuidora\order\DeliveryLifecycleControllerTest.class
com\distribuidora\dashboard\CustomersFiltersControllerTest.class
com\distribuidora\pricing\PricingBatchControllerTest.class
com\distribuidora\document\DocumentControllerTest.class
com\distribuidora\document\OpenPdfA4RendererTest.class
com\distribuidora\order\DeliveryLifecycleMigrationContractTest.class
com\distribuidora\pricing\CommercialDiscountRuleQueryServiceTest.class
com\distribuidora\dashboard\DashboardAnalyticsPostgresTest.class
com\distribuidora\order\OrderConfirmationServiceTest.class
com\distribuidora\document\SaleDocumentModelTest.class
com\distribuidora\inventory\InventoryCommandServiceTest.class
com\distribuidora\notification\OutboxMigrationContractTest.class
com\distribuidora\DistribuidoraApplicationTest.class
com\distribuidora\seller\SellerCommandControllerTest.class
com\distribuidora\order\OrderCalculationServiceTest.class
com\distribuidora\settings\GlobalCreditLimitMigrationContractTest.class
com\distribuidora\catalog\CategoryServiceTest.class
com\distribuidora\catalog\ProductSkuRemovalPostgresTest.class
com\distribuidora\db\migration\RemainingPriceListsMigrationContractTest.class
com\distribuidora\db\migration\ProductPriceOwnershipMigrationContractTest.class
com\distribuidora\seller\SellerCommandServiceTest.class
com\distribuidora\sale\SaleReturnMigrationContractTest.class
com\distribuidora\architecture\ModuleBoundaryTest.class
